stm32l4xx_hal_rcc.c:262:6:HAL_RCC_DeInit	4	static,ignoring_inline_asm
stm32l4xx_hal_rcc.c:309:19:HAL_RCC_OscConfig	64	static,ignoring_inline_asm
stm32l4xx_hal_rcc.c:790:19:HAL_RCC_ClockConfig	32	static,ignoring_inline_asm
stm32l4xx_hal_rcc.c:996:6:HAL_RCC_MCOConfig	48	static
stm32l4xx_hal_rcc.c:1051:10:HAL_RCC_GetSysClockFreq	120	static,ignoring_inline_asm
stm32l4xx_hal_rcc.c:1130:10:HAL_RCC_GetHCLKFreq	4	static
stm32l4xx_hal_rcc.c:1141:10:HAL_RCC_GetPCLK1Freq	24	static,ignoring_inline_asm
stm32l4xx_hal_rcc.c:1153:10:HAL_RCC_GetPCLK2Freq	24	static,ignoring_inline_asm
stm32l4xx_hal_rcc.c:1166:6:HAL_RCC_GetOscConfig	88	static,ignoring_inline_asm
stm32l4xx_hal_rcc.c:1270:6:HAL_RCC_GetClockConfig	16	static
stm32l4xx_hal_rcc.c:1305:6:HAL_RCC_EnableCSS	4	static
stm32l4xx_hal_rcc.c:1315:6:HAL_RCC_NMI_IRQHandler	8	static
stm32l4xx_hal_rcc.c:1332:13:HAL_RCC_CSSCallback	4	static
stm32l4xx_hal_rcc.c:1357:26:RCC_SetFlashLatencyFromMSIRange	32	static
