stm32l4xx_hal_flash.c:181:19:HAL_FLASH_Program	32	static
stm32l4xx_hal_flash.c:244:19:HAL_FLASH_Program_IT	32	static
stm32l4xx_hal_flash.c:288:6:HAL_FLASH_IRQHandler	16	static
stm32l4xx_hal_flash.c:413:13:HAL_FLASH_EndOfOperationCallback	16	static
stm32l4xx_hal_flash.c:431:13:HAL_FLASH_OperationErrorCallback	16	static
stm32l4xx_hal_flash.c:464:19:HAL_FLASH_Unlock	4	static
stm32l4xx_hal_flash.c:484:19:HAL_FLASH_Lock	4	static
stm32l4xx_hal_flash.c:496:19:HAL_FLASH_OB_Unlock	4	static
stm32l4xx_hal_flash.c:516:19:HAL_FLASH_OB_Lock	4	static
stm32l4xx_hal_flash.c:528:19:HAL_FLASH_OB_Launch	8	static
stm32l4xx_hal_flash.c:577:10:HAL_FLASH_GetError	4	static
stm32l4xx_hal_flash.c:601:19:FLASH_WaitForLastOperation	24	static
stm32l4xx_hal_flash.c:648:13:FLASH_SetErrorCode	4	static
stm32l4xx_hal_flash.c:715:13:FLASH_Program_DoubleWord	24	static
stm32l4xx_hal_flash.c:734:13:FLASH_Program_Fast	32	static,ignoring_inline_asm
