stm32l4xx_hal_rcc_ex.c:143:19:HAL_RCCEx_PeriphCLKConfig	32	static
stm32l4xx_hal_rcc_ex.c:576:6:HAL_RCCEx_GetPeriphCLKConfig	104	static,ignoring_inline_asm
stm32l4xx_hal_rcc_ex.c:682:10:HAL_RCCEx_GetPeriphCLKFreq	184	static,ignoring_inline_asm
stm32l4xx_hal_rcc_ex.c:1246:19:HAL_RCCEx_EnablePLLSAI1	72	static,ignoring_inline_asm
stm32l4xx_hal_rcc_ex.c:1306:19:HAL_RCCEx_DisablePLLSAI1	16	static
stm32l4xx_hal_rcc_ex.c:1339:19:HAL_RCCEx_EnablePLLSAI2	64	static,ignoring_inline_asm
stm32l4xx_hal_rcc_ex.c:1398:19:HAL_RCCEx_DisablePLLSAI2	16	static
stm32l4xx_hal_rcc_ex.c:1435:6:HAL_RCCEx_WakeUpStopCLKConfig	16	static
stm32l4xx_hal_rcc_ex.c:1453:6:HAL_RCCEx_StandbyMSIRangeConfig	16	static
stm32l4xx_hal_rcc_ex.c:1467:6:HAL_RCCEx_EnableLSECSS	4	static
stm32l4xx_hal_rcc_ex.c:1477:6:HAL_RCCEx_DisableLSECSS	4	static
stm32l4xx_hal_rcc_ex.c:1490:6:HAL_RCCEx_EnableLSECSS_IT	4	static
stm32l4xx_hal_rcc_ex.c:1507:6:HAL_RCCEx_LSECSS_IRQHandler	8	static
stm32l4xx_hal_rcc_ex.c:1524:13:HAL_RCCEx_LSECSS_Callback	4	static
stm32l4xx_hal_rcc_ex.c:1539:6:HAL_RCCEx_EnableLSCO	48	static
stm32l4xx_hal_rcc_ex.c:1586:6:HAL_RCCEx_DisableLSCO	16	static
stm32l4xx_hal_rcc_ex.c:1624:6:HAL_RCCEx_EnableMSIPLLMode	4	static
stm32l4xx_hal_rcc_ex.c:1634:6:HAL_RCCEx_DisableMSIPLLMode	4	static
stm32l4xx_hal_rcc_ex.c:1660:26:RCCEx_PLLSAI1_ConfigNP	48	static,ignoring_inline_asm
stm32l4xx_hal_rcc_ex.c:1728:26:RCCEx_PLLSAI1_ConfigNQ	48	static,ignoring_inline_asm
stm32l4xx_hal_rcc_ex.c:1796:26:RCCEx_PLLSAI1_ConfigNR	48	static,ignoring_inline_asm
stm32l4xx_hal_rcc_ex.c:1864:26:RCCEx_PLLSAI2_ConfigNP	48	static,ignoring_inline_asm
stm32l4xx_hal_rcc_ex.c:1932:26:RCCEx_PLLSAI2_ConfigNR	48	static,ignoring_inline_asm
