stm32l4xx_hal_pwr_ex.c:120:10:HAL_PWREx_GetVoltageRange	4	static
stm32l4xx_hal_pwr_ex.c:147:19:HAL_PWREx_ControlVoltageScaling	24	static
stm32l4xx_hal_pwr_ex.c:196:6:HAL_PWREx_EnableBatteryCharging	16	static
stm32l4xx_hal_pwr_ex.c:212:6:HAL_PWREx_DisableBatteryCharging	4	static
stm32l4xx_hal_pwr_ex.c:224:6:HAL_PWREx_EnableVddUSB	4	static
stm32l4xx_hal_pwr_ex.c:234:6:HAL_PWREx_DisableVddUSB	4	static
stm32l4xx_hal_pwr_ex.c:245:6:HAL_PWREx_EnableVddIO2	4	static
stm32l4xx_hal_pwr_ex.c:255:6:HAL_PWREx_DisableVddIO2	4	static
stm32l4xx_hal_pwr_ex.c:265:6:HAL_PWREx_EnableInternalWakeUpLine	4	static
stm32l4xx_hal_pwr_ex.c:275:6:HAL_PWREx_DisableInternalWakeUpLine	4	static
stm32l4xx_hal_pwr_ex.c:303:19:HAL_PWREx_EnableGPIOPullUp	16	static
stm32l4xx_hal_pwr_ex.c:365:19:HAL_PWREx_DisableGPIOPullUp	16	static
stm32l4xx_hal_pwr_ex.c:426:19:HAL_PWREx_EnableGPIOPullDown	16	static
stm32l4xx_hal_pwr_ex.c:488:19:HAL_PWREx_DisableGPIOPullDown	16	static
stm32l4xx_hal_pwr_ex.c:538:6:HAL_PWREx_EnablePullUpPullDownConfig	4	static
stm32l4xx_hal_pwr_ex.c:550:6:HAL_PWREx_DisablePullUpPullDownConfig	4	static
stm32l4xx_hal_pwr_ex.c:563:6:HAL_PWREx_EnableSRAM2ContentRetention	4	static
stm32l4xx_hal_pwr_ex.c:575:6:HAL_PWREx_DisableSRAM2ContentRetention	4	static
stm32l4xx_hal_pwr_ex.c:588:6:HAL_PWREx_EnablePVM1	4	static
stm32l4xx_hal_pwr_ex.c:597:6:HAL_PWREx_DisablePVM1	4	static
stm32l4xx_hal_pwr_ex.c:608:6:HAL_PWREx_EnablePVM2	4	static
stm32l4xx_hal_pwr_ex.c:617:6:HAL_PWREx_DisablePVM2	4	static
stm32l4xx_hal_pwr_ex.c:627:6:HAL_PWREx_EnablePVM3	4	static
stm32l4xx_hal_pwr_ex.c:636:6:HAL_PWREx_DisablePVM3	4	static
stm32l4xx_hal_pwr_ex.c:646:6:HAL_PWREx_EnablePVM4	4	static
stm32l4xx_hal_pwr_ex.c:655:6:HAL_PWREx_DisablePVM4	4	static
stm32l4xx_hal_pwr_ex.c:675:19:HAL_PWREx_ConfigPVM	16	static
stm32l4xx_hal_pwr_ex.c:834:6:HAL_PWREx_EnableLowPowerRunMode	4	static
stm32l4xx_hal_pwr_ex.c:849:19:HAL_PWREx_DisableLowPowerRunMode	16	static
stm32l4xx_hal_pwr_ex.c:893:6:HAL_PWREx_EnterSTOP0Mode	16	static,ignoring_inline_asm
stm32l4xx_hal_pwr_ex.c:944:6:HAL_PWREx_EnterSTOP1Mode	16	static,ignoring_inline_asm
stm32l4xx_hal_pwr_ex.c:996:6:HAL_PWREx_EnterSTOP2Mode	16	static,ignoring_inline_asm
stm32l4xx_hal_pwr_ex.c:1038:6:HAL_PWREx_EnterSHUTDOWNMode	4	static,ignoring_inline_asm
stm32l4xx_hal_pwr_ex.c:1063:6:HAL_PWREx_PVD_PVM_IRQHandler	8	static
stm32l4xx_hal_pwr_ex.c:1117:13:HAL_PWREx_PVM1Callback	4	static
stm32l4xx_hal_pwr_ex.c:1129:13:HAL_PWREx_PVM2Callback	4	static
stm32l4xx_hal_pwr_ex.c:1140:13:HAL_PWREx_PVM3Callback	4	static
stm32l4xx_hal_pwr_ex.c:1151:13:HAL_PWREx_PVM4Callback	4	static
