stm32l4xx_hal_spi.c:195:19:HAL_SPI_Init	24	static
stm32l4xx_hal_spi.c:299:19:HAL_SPI_DeInit	16	static
stm32l4xx_hal_spi.c:331:13:HAL_SPI_MspInit	16	static
stm32l4xx_hal_spi.c:347:13:HAL_SPI_MspDeInit	16	static
stm32l4xx_hal_spi.c:403:19:HAL_SPI_Transmit	40	static
stm32l4xx_hal_spi.c:550:19:HAL_SPI_Receive	48	static
stm32l4xx_hal_spi.c:761:19:HAL_SPI_TransmitReceive	40	static
stm32l4xx_hal_spi.c:978:19:HAL_SPI_Transmit_IT	32	static
stm32l4xx_hal_spi.c:1055:19:HAL_SPI_Receive_IT	32	static
stm32l4xx_hal_spi.c:1157:19:HAL_SPI_TransmitReceive_IT	32	static
stm32l4xx_hal_spi.c:1255:19:HAL_SPI_Transmit_DMA	32	static
stm32l4xx_hal_spi.c:1350:19:HAL_SPI_Receive_DMA	32	static
stm32l4xx_hal_spi.c:1457:19:HAL_SPI_TransmitReceive_DMA	32	static
stm32l4xx_hal_spi.c:1601:19:HAL_SPI_DMAPause	16	static
stm32l4xx_hal_spi.c:1621:19:HAL_SPI_DMAResume	16	static
stm32l4xx_hal_spi.c:1641:19:HAL_SPI_DMAStop	16	static
stm32l4xx_hal_spi.c:1672:6:HAL_SPI_IRQHandler	40	static
stm32l4xx_hal_spi.c:1736:13:HAL_SPI_TxCpltCallback	16	static
stm32l4xx_hal_spi.c:1752:13:HAL_SPI_RxCpltCallback	16	static
stm32l4xx_hal_spi.c:1768:13:HAL_SPI_TxRxCpltCallback	16	static
stm32l4xx_hal_spi.c:1784:13:HAL_SPI_TxHalfCpltCallback	16	static
stm32l4xx_hal_spi.c:1800:13:HAL_SPI_RxHalfCpltCallback	16	static
stm32l4xx_hal_spi.c:1816:13:HAL_SPI_TxRxHalfCpltCallback	16	static
stm32l4xx_hal_spi.c:1832:13:HAL_SPI_ErrorCallback	16	static
stm32l4xx_hal_spi.c:1870:22:HAL_SPI_GetState	16	static
stm32l4xx_hal_spi.c:1882:10:HAL_SPI_GetError	16	static
stm32l4xx_hal_spi.c:1907:13:SPI_DMATransmitCplt	24	static
stm32l4xx_hal_spi.c:1946:13:SPI_DMAReceiveCplt	24	static
stm32l4xx_hal_spi.c:2020:13:SPI_DMATransmitReceiveCplt	24	static
stm32l4xx_hal_spi.c:2087:13:SPI_DMAHalfTransmitCplt	24	static
stm32l4xx_hal_spi.c:2100:13:SPI_DMAHalfReceiveCplt	24	static
stm32l4xx_hal_spi.c:2113:13:SPI_DMAHalfTransmitReceiveCplt	24	static
stm32l4xx_hal_spi.c:2126:13:SPI_DMAError	24	static
stm32l4xx_hal_spi.c:2144:13:SPI_2linesRxISR_8BIT	16	static
stm32l4xx_hal_spi.c:2191:13:SPI_2linesRxISR_8BITCRC	24	static
stm32l4xx_hal_spi.c:2217:13:SPI_2linesTxISR_8BIT	16	static
stm32l4xx_hal_spi.c:2256:13:SPI_2linesRxISR_16BIT	16	static
stm32l4xx_hal_spi.c:2287:13:SPI_2linesRxISR_16BITCRC	24	static
stm32l4xx_hal_spi.c:2305:13:SPI_2linesTxISR_16BIT	16	static
stm32l4xx_hal_spi.c:2335:13:SPI_RxISR_8BITCRC	24	static
stm32l4xx_hal_spi.c:2354:13:SPI_RxISR_8BIT	16	static
stm32l4xx_hal_spi.c:2382:13:SPI_RxISR_16BITCRC	24	static
stm32l4xx_hal_spi.c:2401:13:SPI_RxISR_16BIT	16	static
stm32l4xx_hal_spi.c:2430:13:SPI_TxISR_8BIT	16	static
stm32l4xx_hal_spi.c:2453:13:SPI_TxISR_16BIT	16	static
stm32l4xx_hal_spi.c:2480:26:SPI_WaitFlagStateUntilTimeout	32	static
stm32l4xx_hal_spi.c:2531:26:SPI_WaitFifoStateUntilTimeout	32	static
stm32l4xx_hal_spi.c:2587:26:SPI_EndRxTransaction	16	static
stm32l4xx_hal_spi.c:2619:26:SPI_EndRxTxTransaction	16	static
stm32l4xx_hal_spi.c:2642:13:SPI_CloseRxTx_ISR	16	static
stm32l4xx_hal_spi.c:2690:13:SPI_CloseRx_ISR	16	static
stm32l4xx_hal_spi.c:2728:13:SPI_CloseTx_ISR	24	static
