Page.hpp:17:2:Page::Page()	16	static
Page.hpp:18:10:Page::~Page()	16	static
Page.hpp:18:10:virtual Page::~Page()	16	static
EmployeeProfilePage.cpp:12:1:EmployeeProfilePage::EmployeeProfilePage(char*)	16	static
EmployeeProfilePage.cpp:17:6:virtual void EmployeeProfilePage::make_active(Employee*)	16	static
EmployeeProfilePage.cpp:23:6:virtual void EmployeeProfilePage::render()	104	static
EmployeeProfilePage.cpp:79:6:virtual void EmployeeProfilePage::up_button_handler()	16	static
EmployeeProfilePage.cpp:81:6:virtual void EmployeeProfilePage::down_button_handler()	16	static
EmployeeProfilePage.cpp:83:6:virtual void EmployeeProfilePage::left_button_handler()	16	static
EmployeeProfilePage.cpp:85:6:virtual void EmployeeProfilePage::right_button_handler()	16	static
EmployeeProfilePage.cpp:87:6:virtual void EmployeeProfilePage::center_button_handler()	16	static
EmployeeProfilePage.cpp:89:6:virtual void EmployeeProfilePage::increment_selection()	16	static
EmployeeProfilePage.cpp:93:6:virtual void EmployeeProfilePage::decrement_selection()	16	static
EmployeeProfilePage.cpp:97:6:virtual void EmployeeProfilePage::make_selection()	16	static
EmployeeProfilePage.hpp:14:7:EmployeeProfilePage::~EmployeeProfilePage()	16	static
EmployeeProfilePage.hpp:14:7:virtual EmployeeProfilePage::~EmployeeProfilePage()	16	static
