Page.hpp:17:2:Page::Page()	16	static
Page.hpp:18:10:Page::~Page()	16	static
Page.hpp:18:10:virtual Page::~Page()	16	static
EmployeeListPage.cpp:12:1:EmployeeListPage::EmployeeListPage(char*)	16	static
EmployeeListPage.cpp:17:6:virtual void EmployeeListPage::make_active(Employee*)	16	static
EmployeeListPage.cpp:22:6:virtual void EmployeeListPage::render()	64	static
EmployeeListPage.cpp:64:6:void EmployeeListPage::clear_highlighted_selection()	40	static
EmployeeListPage.cpp:78:6:void EmployeeListPage::render_highlighted_selection()	32	static
EmployeeListPage.cpp:83:6:virtual void EmployeeListPage::up_button_handler()	16	static
EmployeeListPage.cpp:85:6:virtual void EmployeeListPage::down_button_handler()	16	static
EmployeeListPage.cpp:87:6:virtual void EmployeeListPage::left_button_handler()	16	static
EmployeeListPage.cpp:89:6:virtual void EmployeeListPage::right_button_handler()	16	static
EmployeeListPage.cpp:91:6:virtual void EmployeeListPage::center_button_handler()	16	static
EmployeeListPage.cpp:93:6:virtual void EmployeeListPage::increment_selection()	16	static
EmployeeListPage.cpp:101:6:virtual void EmployeeListPage::decrement_selection()	16	static
EmployeeListPage.cpp:109:6:virtual void EmployeeListPage::make_selection()	16	static
EmployeeListPage.hpp:14:7:EmployeeListPage::~EmployeeListPage()	16	static
EmployeeListPage.hpp:14:7:virtual EmployeeListPage::~EmployeeListPage()	16	static
