Page.hpp:17:2:Page::Page()	16	static
Page.hpp:18:10:Page::~Page()	16	static
Page.hpp:18:10:virtual Page::~Page()	16	static
MainPage.cpp:15:1:MainPage::MainPage(char*)	16	static
MainPage.cpp:20:6:virtual void MainPage::make_active(Employee*)	16	static
MainPage.cpp:25:6:virtual void MainPage::render()	48	static
MainPage.cpp:62:6:void MainPage::clear_highlighted_selection()	40	static
MainPage.cpp:76:6:void MainPage::render_highlighted_selection()	32	static
MainPage.cpp:81:6:virtual void MainPage::up_button_handler()	16	static
MainPage.cpp:83:6:virtual void MainPage::down_button_handler()	16	static
MainPage.cpp:85:6:virtual void MainPage::left_button_handler()	16	static
MainPage.cpp:87:6:virtual void MainPage::right_button_handler()	16	static
MainPage.cpp:89:6:virtual void MainPage::center_button_handler()	16	static
MainPage.cpp:91:6:virtual void MainPage::increment_selection()	16	static
MainPage.cpp:99:6:virtual void MainPage::decrement_selection()	16	static
MainPage.cpp:107:6:virtual void MainPage::make_selection()	16	static
MainPage.hpp:14:7:MainPage::~MainPage()	16	static
MainPage.hpp:14:7:virtual MainPage::~MainPage()	16	static
