Page.hpp:17:2:Page::Page()	16	static
Page.hpp:18:10:Page::~Page()	16	static
Page.hpp:18:10:virtual Page::~Page()	16	static
PayrollPage.cpp:12:1:PayrollPage::PayrollPage(char*)	16	static
PayrollPage.cpp:17:6:virtual void PayrollPage::make_active(Employee*)	16	static
PayrollPage.cpp:22:6:virtual void PayrollPage::render()	88	static
PayrollPage.cpp:72:6:virtual void PayrollPage::up_button_handler()	16	static
PayrollPage.cpp:74:6:virtual void PayrollPage::down_button_handler()	16	static
PayrollPage.cpp:76:6:virtual void PayrollPage::left_button_handler()	16	static
PayrollPage.cpp:78:6:virtual void PayrollPage::right_button_handler()	16	static
PayrollPage.cpp:80:6:virtual void PayrollPage::center_button_handler()	16	static
PayrollPage.cpp:84:6:virtual void PayrollPage::increment_selection()	16	static
PayrollPage.cpp:85:6:virtual void PayrollPage::decrement_selection()	16	static
PayrollPage.cpp:86:6:virtual void PayrollPage::make_selection()	16	static
PayrollPage.cpp:87:6:void PayrollPage::clear_highlighted_selection()	16	static
PayrollPage.cpp:88:6:void PayrollPage::render_highlighted_selection()	16	static
PayrollPage.hpp:14:7:PayrollPage::~PayrollPage()	16	static
PayrollPage.hpp:14:7:virtual PayrollPage::~PayrollPage()	16	static
