stm32l476g_discovery_gyroscope.c:105:9:BSP_GYRO_Init	24	static
stm32l476g_discovery_gyroscope.c:163:6:BSP_GYRO_DeInit	8	static
stm32l476g_discovery_gyroscope.c:173:6:BSP_GYRO_LowPower	24	static
stm32l476g_discovery_gyroscope.c:193:9:BSP_GYRO_ReadID	16	static
stm32l476g_discovery_gyroscope.c:208:6:BSP_GYRO_Reset	8	static
stm32l476g_discovery_gyroscope.c:222:6:BSP_GYRO_ITConfig	24	static
stm32l476g_discovery_gyroscope.c:246:6:BSP_GYRO_EnableIT	16	static
stm32l476g_discovery_gyroscope.c:262:6:BSP_GYRO_DisableIT	16	static
stm32l476g_discovery_gyroscope.c:275:6:BSP_GYRO_GetXYZ	16	static
