stm32l476g_discovery_qspi.c:121:9:BSP_QSPI_Init	24	static,ignoring_inline_asm
stm32l476g_discovery_qspi.c:166:9:BSP_QSPI_DeInit	8	static
stm32l476g_discovery_qspi.c:189:9:BSP_QSPI_Read	80	static
stm32l476g_discovery_qspi.c:229:9:BSP_QSPI_Write	96	static
stm32l476g_discovery_qspi.c:309:9:BSP_QSPI_Erase_Block	72	static
stm32l476g_discovery_qspi.c:357:9:BSP_QSPI_Erase_Sector	72	static
stm32l476g_discovery_qspi.c:398:9:BSP_QSPI_Erase_Chip	64	static
stm32l476g_discovery_qspi.c:438:9:BSP_QSPI_GetStatus	72	static
stm32l476g_discovery_qspi.c:491:9:BSP_QSPI_GetInfo	16	static
stm32l476g_discovery_qspi.c:507:9:BSP_QSPI_EnableMemoryMappedMode	72	static
stm32l476g_discovery_qspi.c:539:9:BSP_QSPI_SuspendErase	64	static
stm32l476g_discovery_qspi.c:586:9:BSP_QSPI_ResumeErase	64	static
stm32l476g_discovery_qspi.c:645:13:QSPI_MspInit	40	static
stm32l476g_discovery_qspi.c:677:13:QSPI_MspDeInit	32	static
stm32l476g_discovery_qspi.c:712:16:QSPI_ResetMemory	72	static
stm32l476g_discovery_qspi.c:754:16:QSPI_DummyCyclesCfg	88	static,ignoring_inline_asm
stm32l476g_discovery_qspi.c:813:16:QSPI_WriteEnable	96	static
stm32l476g_discovery_qspi.c:859:16:QSPI_AutoPollingMemReady	96	static
