stm32l476g_discovery.c:286:10:BSP_GetVersion	4	static
stm32l476g_discovery.c:298:20:BSP_SupplyModeDetection	40	static
stm32l476g_discovery.c:346:6:BSP_LED_Init	48	static
stm32l476g_discovery.c:383:6:BSP_LED_DeInit	24	static
stm32l476g_discovery.c:410:6:BSP_LED_On	16	static
stm32l476g_discovery.c:434:6:BSP_LED_Off	16	static
stm32l476g_discovery.c:458:6:BSP_LED_Toggle	16	static
stm32l476g_discovery.c:472:9:BSP_JOY_Init	64	static
stm32l476g_discovery.c:512:6:BSP_JOY_DeInit	32	static
stm32l476g_discovery.c:537:18:BSP_JOY_GetState	16	static
stm32l476g_discovery.c:750:13:I2C1_Init	8	static
stm32l476g_discovery.c:774:13:I2C1_MspInit	176	static
stm32l476g_discovery.c:825:13:I2C1_DeInit	8	static
stm32l476g_discovery.c:840:13:I2C1_MspDeInit	32	static
stm32l476g_discovery.c:878:26:I2C1_WriteBuffer	48	static
stm32l476g_discovery.c:902:26:I2C1_ReadBuffer	48	static
stm32l476g_discovery.c:921:13:I2C1_Error	8	static
stm32l476g_discovery.c:934:13:I2C2_Init	8	static
stm32l476g_discovery.c:958:13:I2C2_MspInit	168	static
stm32l476g_discovery.c:1005:13:I2C2_DeInit	8	static
stm32l476g_discovery.c:1020:13:I2C2_MspDeInit	24	static
stm32l476g_discovery.c:1054:13:I2C2_WriteData	48	static
stm32l476g_discovery.c:1077:26:I2C2_WriteBuffer	48	static
stm32l476g_discovery.c:1100:16:I2C2_ReadData	40	static
stm32l476g_discovery.c:1126:26:I2C2_ReadBuffer	48	static
stm32l476g_discovery.c:1146:13:I2C2_Error	8	static
stm32l476g_discovery.c:1503:6:MFX_IO_Init	8	static
stm32l476g_discovery.c:1512:6:MFX_IO_DeInit	40	static
stm32l476g_discovery.c:1539:6:MFX_IO_ITConfig	32	static
stm32l476g_discovery.c:1562:6:MFX_IO_EnableWakeupPin	32	static
stm32l476g_discovery.c:1581:6:MFX_IO_Wakeup	8	static
stm32l476g_discovery.c:1600:6:MFX_IO_Write	16	static
stm32l476g_discovery.c:1611:9:MFX_IO_Read	16	static
stm32l476g_discovery.c:1624:10:MFX_IO_ReadMultiple	32	static
stm32l476g_discovery.c:1637:6:MFX_IO_WriteMultiple	32	static
stm32l476g_discovery.c:1647:6:MFX_IO_Delay	16	static
stm32l476g_discovery.c:1658:6:AUDIO_IO_Init	32	static
stm32l476g_discovery.c:1692:6:AUDIO_IO_DeInit	32	static
stm32l476g_discovery.c:1723:6:AUDIO_IO_Write	24	static
stm32l476g_discovery.c:1734:9:AUDIO_IO_Read	32	static
stm32l476g_discovery.c:1748:6:AUDIO_IO_Delay	16	static
